../Core/Src/main.c:61:6:subscription_callback_ancle_left_reference	1
../Core/Src/main.c:68:6:subscription_callback_ancle_right_reference	1
../Core/Src/main.c:75:6:subscription_callback_knee_left_reference	1
../Core/Src/main.c:82:6:subscription_callback_knee_right_reference	1
../Core/Src/main.c:89:6:subscription_callback_heap_left_reference	1
../Core/Src/main.c:96:6:subscription_callback_heap_right_reference	1
../Core/Src/main.c:103:6:subscription_callback_aux_id_left_reference	1
../Core/Src/main.c:109:6:subscription_callback_aux_value_right_reference	1
../Core/Src/main.c:198:5:main	1
../Core/Src/main.c:281:6:SystemClock_Config	3
../Core/Src/main.c:331:13:MX_CAN1_Init	2
../Core/Src/main.c:368:13:MX_ETH_Init	2
../Core/Src/main.c:417:13:MX_USART3_UART_Init	2
../Core/Src/main.c:452:13:MX_USB_OTG_FS_PCD_Init	2
../Core/Src/main.c:485:13:MX_DMA_Init	1
../Core/Src/main.c:506:13:MX_GPIO_Init	1
../Core/Src/main.c:576:6:StartDefaultTask	2
../Core/Src/main.c:814:6:HAL_TIM_PeriodElapsedCallback	2
../Core/Src/main.c:831:6:Error_Handler	1
