../Core/Src/main.c:55:6:subscription_callback_ancle_left_reference	24	static
../Core/Src/main.c:62:6:subscription_callback_ancle_right_reference	24	static
../Core/Src/main.c:69:6:subscription_callback_knee_left_reference	24	static
../Core/Src/main.c:75:6:subscription_callback_knee_right_reference	24	static
../Core/Src/main.c:82:6:subscription_callback_heap_left_reference	24	static
../Core/Src/main.c:88:6:subscription_callback_heap_right_reference	24	static
../Core/Src/main.c:95:6:subscription_callback_aux_id_left_reference	24	static
../Core/Src/main.c:101:6:subscription_callback_aux_value_right_reference	24	static
../Core/Src/main.c:172:5:main	8	static
../Core/Src/main.c:252:6:SystemClock_Config	88	static
../Core/Src/main.c:299:13:MX_USART2_UART_Init	8	static
../Core/Src/main.c:330:13:MX_DMA_Init	16	static
../Core/Src/main.c:351:13:MX_GPIO_Init	48	static
../Core/Src/main.c:404:6:StartDefaultTask	368	static
../Core/Src/main.c:632:6:HAL_TIM_PeriodElapsedCallback	16	static
../Core/Src/main.c:649:6:Error_Handler	4	static,ignoring_inline_asm
