../Core/Src/main.c:117:5:main	8	static
../Core/Src/main.c:200:6:SystemClock_Config	120	static
../Core/Src/main.c:261:13:MX_ETH_Init	8	static
../Core/Src/main.c:310:13:MX_USART2_UART_Init	8	static
../Core/Src/main.c:358:13:MX_USART3_UART_Init	8	static
../Core/Src/main.c:406:13:MX_USB_OTG_FS_PCD_Init	8	static
../Core/Src/main.c:440:13:MX_DMA_Init	16	static
../Core/Src/main.c:461:13:MX_GPIO_Init	56	static
../Core/Src/main.c:541:6:StartDefaultTask	168	static
../Core/Src/main.c:620:6:Error_Handler	4	static,ignoring_inline_asm
